// Jest Snapshot v1, https://goo.gl/fbAQLP

exports[`Test Card should render Card component without error 1`] = `
<div>
  <div
    class="card "
  />
</div>
`;
